../Core/Src/main.c:116:5:main	8	static
../Core/Src/main.c:167:6:SystemClock_Config	88	static
../Core/Src/main.c:208:13:MX_FDCAN1_Init	16	static
../Core/Src/main.c:296:13:MX_USART2_UART_Init	8	static
../Core/Src/main.c:344:13:MX_GPIO_Init	40	static
../Core/Src/main.c:376:6:UART_Send_Response	16	static
../Core/Src/main.c:381:6:HAL_UART_RxCpltCallback	24	static
../Core/Src/main.c:418:6:Process_Command	16	static
../Core/Src/main.c:535:6:SET_RXHeader	16	static
../Core/Src/main.c:542:6:send_Frame	16	static
../Core/Src/main.c:565:6:Extract_Data_Until_CR	32	static
../Core/Src/main.c:612:6:UART_received_Response	232	static
../Core/Src/main.c:629:6:HAL_FDCAN_RxFifo0Callback	32	static
../Core/Src/main.c:666:6:Error_Handler	4	static,ignoring_inline_asm
